[2026-03-28T21:40:27.377Z] [debug] [vite] connecting...
[2026-03-28T21:40:27.393Z] [info] %cDownload the React DevTools for a better development experience: https://react.dev/link/react-devtools font-weight:bold
[2026-03-28T21:40:27.433Z] [debug] [vite] connected.
[2026-03-28T21:40:32.208Z] [info] %cDownload the React DevTools for a better development experience: https://react.dev/link/react-devtools font-weight:bold
[2026-03-28T21:40:32.409Z] [log] [HMR] connected
[2026-03-28T21:40:35.404Z] [warning] The resource http://localhost:3000/_next/static/media/98e207f02528a563-s.p.woff2?v=1774734031786 was preloaded using link preload but not used within a few seconds from the window's load event. Please make sure it has an appropriate `as` value and it is preloaded intentionally.
[2026-03-28T21:40:35.404Z] [warning] The resource http://localhost:3000/_next/static/media/36966cca54120369-s.p.woff2?v=1774734031786 was preloaded using link preload but not used within a few seconds from the window's load event. Please make sure it has an appropriate `as` value and it is preloaded intentionally.
[2026-03-28T21:40:35.404Z] [warning] The resource http://localhost:3000/_next/static/media/f36144f235cd456e-s.p.woff2?v=1774734031786 was preloaded using link preload but not used within a few seconds from the window's load event. Please make sure it has an appropriate `as` value and it is preloaded intentionally.
[2026-03-28T21:40:35.404Z] [warning] The resource http://localhost:3000/_next/static/media/d3ebbfd689654d3a-s.p.woff2?v=1774734031786 was preloaded using link preload but not used within a few seconds from the window's load event. Please make sure it has an appropriate `as` value and it is preloaded intentionally.
[2026-03-28T21:40:35.404Z] [warning] The resource http://localhost:3000/_next/static/media/db96af6b531dc71f-s.p.woff2?v=1774734031786 was preloaded using link preload but not used within a few seconds from the window's load event. Please make sure it has an appropriate `as` value and it is preloaded intentionally.
[2026-03-28T21:40:35.404Z] [warning] The resource http://localhost:3000/_next/static/media/bb3ef058b751a6ad-s.p.woff2?v=1774734031786 was preloaded using link preload but not used within a few seconds from the window's load event. Please make sure it has an appropriate `as` value and it is preloaded intentionally.
[2026-03-28T21:41:16.929Z] [error] WebSocket connection to 'ws://localhost:3000/_next/webpack-hmr?id=eHnlq6wyXAWX1V8pdTpBD' failed: 
[2026-03-28T21:41:17.925Z] [error] WebSocket connection to 'ws://localhost:3000/_next/webpack-hmr?id=eHnlq6wyXAWX1V8pdTpBD' failed: Error in connection establishment: net::ERR_CONNECTION_REFUSED
[2026-03-28T21:41:17.972Z] [debug] [vite] connecting...
[2026-03-28T21:41:17.987Z] [debug] [vite] connected.
[2026-03-28T21:41:17.988Z] [info] %cDownload the React DevTools for a better development experience: https://react.dev/link/react-devtools font-weight:bold
[2026-03-28T21:42:04.153Z] [error] WebSocket connection to 'ws://localhost:5174/?token=FfGscdWp28XC' failed: 
[2026-03-28T21:42:04.153Z] [log] [vite] server connection lost. Polling for restart...
[2026-03-28T21:42:08.046Z] [error] Failed to load resource: net::ERR_CONNECTION_REFUSED
[2026-03-28T21:42:09.047Z] [error] Failed to load resource: net::ERR_CONNECTION_REFUSED
[2026-03-28T21:42:14.048Z] [error] Failed to load resource: net::ERR_CONNECTION_REFUSED
[2026-03-28T21:42:15.050Z] [error] Failed to load resource: net::ERR_CONNECTION_REFUSED
[2026-03-28T21:42:20.053Z] [error] Failed to load resource: net::ERR_CONNECTION_REFUSED
[2026-03-28T21:42:21.055Z] [error] Failed to load resource: net::ERR_CONNECTION_REFUSED
[2026-03-28T21:42:26.057Z] [error] Failed to load resource: net::ERR_CONNECTION_REFUSED
[2026-03-28T21:42:27.060Z] [error] Failed to load resource: net::ERR_CONNECTION_REFUSED
[2026-03-28T21:42:32.062Z] [error] Failed to load resource: net::ERR_CONNECTION_REFUSED
[2026-03-28T21:42:33.064Z] [error] Failed to load resource: net::ERR_CONNECTION_REFUSED
[2026-03-28T21:42:38.067Z] [error] Failed to load resource: net::ERR_CONNECTION_REFUSED
[2026-03-28T21:42:39.069Z] [error] Failed to load resource: net::ERR_CONNECTION_REFUSED
[2026-03-28T21:42:44.072Z] [error] Failed to load resource: net::ERR_CONNECTION_REFUSED
[2026-03-28T21:42:45.073Z] [error] Failed to load resource: net::ERR_CONNECTION_REFUSED
[2026-03-28T21:42:50.076Z] [error] Failed to load resource: net::ERR_CONNECTION_REFUSED
[2026-03-28T21:42:51.077Z] [error] Failed to load resource: net::ERR_CONNECTION_REFUSED
[2026-03-28T21:42:56.078Z] [error] Failed to load resource: net::ERR_CONNECTION_REFUSED
[2026-03-28T21:42:57.080Z] [error] Failed to load resource: net::ERR_CONNECTION_REFUSED
[2026-03-28T21:43:02.082Z] [error] Failed to load resource: net::ERR_CONNECTION_REFUSED
[2026-03-28T21:43:03.085Z] [error] Failed to load resource: net::ERR_CONNECTION_REFUSED
[2026-03-28T21:43:08.087Z] [error] Failed to load resource: net::ERR_CONNECTION_REFUSED
[2026-03-28T21:43:09.089Z] [error] Failed to load resource: net::ERR_CONNECTION_REFUSED
[2026-03-28T21:43:14.091Z] [error] Failed to load resource: net::ERR_CONNECTION_REFUSED
[2026-03-28T21:43:15.093Z] [error] Failed to load resource: net::ERR_CONNECTION_REFUSED
[2026-03-28T21:43:20.095Z] [error] Failed to load resource: net::ERR_CONNECTION_REFUSED
[2026-03-28T21:43:21.097Z] [error] Failed to load resource: net::ERR_CONNECTION_REFUSED
[2026-03-28T21:43:26.098Z] [error] Failed to load resource: net::ERR_CONNECTION_REFUSED
[2026-03-28T21:43:27.100Z] [error] Failed to load resource: net::ERR_CONNECTION_REFUSED
[2026-03-28T21:43:32.103Z] [error] Failed to load resource: net::ERR_CONNECTION_REFUSED
[2026-03-28T21:43:33.105Z] [error] Failed to load resource: net::ERR_CONNECTION_REFUSED
[2026-03-28T21:43:38.107Z] [error] Failed to load resource: net::ERR_CONNECTION_REFUSED
[2026-03-28T21:43:39.109Z] [error] Failed to load resource: net::ERR_CONNECTION_REFUSED
[2026-03-28T21:43:44.112Z] [error] Failed to load resource: net::ERR_CONNECTION_REFUSED
[2026-03-28T21:43:45.116Z] [error] Failed to load resource: net::ERR_CONNECTION_REFUSED
[2026-03-28T21:43:50.119Z] [error] Failed to load resource: net::ERR_CONNECTION_REFUSED
[2026-03-28T21:43:51.120Z] [error] Failed to load resource: net::ERR_CONNECTION_REFUSED
[2026-03-28T21:43:56.122Z] [error] Failed to load resource: net::ERR_CONNECTION_REFUSED
[2026-03-28T21:43:57.124Z] [error] Failed to load resource: net::ERR_CONNECTION_REFUSED
[2026-03-28T21:44:02.131Z] [error] Failed to load resource: net::ERR_CONNECTION_REFUSED
[2026-03-28T21:44:03.133Z] [error] Failed to load resource: net::ERR_CONNECTION_REFUSED
[2026-03-28T21:44:08.135Z] [error] Failed to load resource: net::ERR_CONNECTION_REFUSED
[2026-03-28T21:44:09.136Z] [error] Failed to load resource: net::ERR_CONNECTION_REFUSED
[2026-03-28T21:44:14.139Z] [error] Failed to load resource: net::ERR_CONNECTION_REFUSED
[2026-03-28T21:44:15.141Z] [error] Failed to load resource: net::ERR_CONNECTION_REFUSED
[2026-03-28T21:44:20.143Z] [error] Failed to load resource: net::ERR_CONNECTION_REFUSED
[2026-03-28T21:44:21.145Z] [error] Failed to load resource: net::ERR_CONNECTION_REFUSED
[2026-03-28T21:44:26.148Z] [error] Failed to load resource: net::ERR_CONNECTION_REFUSED
[2026-03-28T21:44:27.150Z] [error] Failed to load resource: net::ERR_CONNECTION_REFUSED
[2026-03-28T21:44:32.153Z] [error] Failed to load resource: net::ERR_CONNECTION_REFUSED
[2026-03-28T21:44:33.156Z] [error] Failed to load resource: net::ERR_CONNECTION_REFUSED
[2026-03-28T21:44:38.159Z] [error] Failed to load resource: net::ERR_CONNECTION_REFUSED
[2026-03-28T21:44:39.161Z] [error] Failed to load resource: net::ERR_CONNECTION_REFUSED
[2026-03-28T21:44:44.163Z] [error] Failed to load resource: net::ERR_CONNECTION_REFUSED
[2026-03-28T21:44:45.166Z] [error] Failed to load resource: net::ERR_CONNECTION_REFUSED
[2026-03-28T21:44:50.168Z] [error] Failed to load resource: net::ERR_CONNECTION_REFUSED
[2026-03-28T21:44:51.170Z] [error] Failed to load resource: net::ERR_CONNECTION_REFUSED
