[2026-03-28T21:40:26.971Z] GET http://localhost:5174/ → 200 (3ms, 984B)
[2026-03-28T21:40:26.977Z] GET http://localhost:5174/@vite/client → 200 (6ms, 204443B)
[2026-03-28T21:40:26.977Z] GET https://fonts.googleapis.com/css2?family=JetBrains+Mono:ital,wght@0,100..800;1,100..800&family=Space+Grotesk:wght@300..700&family=IBM+Plex+Mono:wght@300;400;500;600;700&family=Space+Mono:wght@400;700&display=swap → pending (?ms, ?B)
[2026-03-28T21:40:26.977Z] GET http://localhost:5174/src/main.tsx → 200 (5ms, 2908B)
[2026-03-28T21:40:26.978Z] GET http://localhost:5174/@react-refresh → 200 (6ms, 111894B)
[2026-03-28T21:40:26.983Z] GET http://localhost:5174/node_modules/.vite/deps/react.js?v=0fdc4529 → 200 (1ms, 755B)
[2026-03-28T21:40:26.983Z] GET http://localhost:5174/node_modules/.vite/deps/react-dom_client.js?v=0fdc4529 → 200 (17ms, 820919B)
[2026-03-28T21:40:26.983Z] GET http://localhost:5174/node_modules/.vite/deps/@tanstack_react-query.js?v=0fdc4529 → 200 (10ms, 97634B)
[2026-03-28T21:40:26.983Z] GET http://localhost:5174/src/App.tsx → 200 (6ms, 9857B)
[2026-03-28T21:40:26.983Z] GET http://localhost:5174/src/globals.css → 200 (13ms, 22066B)
[2026-03-28T21:40:26.983Z] GET http://localhost:5174/node_modules/.vite/deps/react_jsx-dev-runtime.js?v=0fdc4529 → 200 (6ms, 10510B)
[2026-03-28T21:40:26.983Z] GET http://localhost:5174/node_modules/vite/dist/client/env.mjs → 200 (5ms, 3478B)
[2026-03-28T21:40:26.984Z] GET http://localhost:5174/node_modules/.vite/deps/react-TUYU05Ph.js?v=0fdc4529 → 200 (8ms, 39306B)
[2026-03-28T21:40:26.989Z] GET http://localhost:5174/src/contexts/SelectionContext.tsx → 200 (7ms, 5838B)
[2026-03-28T21:40:26.990Z] GET http://localhost:5174/src/contexts/ViewPreferencesContext.tsx → 200 (7ms, 7757B)
[2026-03-28T21:40:26.990Z] GET http://localhost:5174/src/components/layout/Header.tsx → 200 (7ms, 10222B)
[2026-03-28T21:40:26.991Z] GET http://localhost:5174/src/components/layout/AppLayout.tsx → 200 (6ms, 8018B)
[2026-03-28T21:40:26.991Z] GET http://localhost:5174/src/components/layout/ReviewBar.tsx → 200 (7ms, 14592B)
[2026-03-28T21:40:26.991Z] GET http://localhost:5174/src/components/layout/KeyboardHelp.tsx → 200 (8ms, 8872B)
[2026-03-28T21:40:26.991Z] GET http://localhost:5174/src/components/sessions/SessionPanel.tsx → 200 (7ms, 8564B)
[2026-03-28T21:40:26.991Z] GET http://localhost:5174/src/components/trace/TracePanel.tsx → 200 (7ms, 10925B)
[2026-03-28T21:40:26.991Z] GET http://localhost:5174/src/components/trace/TimelineStrip.tsx → 200 (7ms, 18423B)
[2026-03-28T21:40:26.992Z] GET http://localhost:5174/src/components/detail/DetailPanel.tsx → 200 (7ms, 6567B)
[2026-03-28T21:40:26.992Z] GET http://localhost:5174/src/components/Onboarding.tsx → 200 (8ms, 11109B)
[2026-03-28T21:40:26.992Z] GET http://localhost:5174/src/hooks/useSessionList.ts → 200 (7ms, 1069B)
[2026-03-28T21:40:26.992Z] GET http://localhost:5174/src/hooks/useKeyboardNav.ts → 200 (8ms, 14501B)
[2026-03-28T21:40:26.993Z] GET http://localhost:5174/node_modules/.vite/deps/react_jsx-runtime.js?v=0fdc4529 → 200 (7ms, 10820B)
[2026-03-28T21:40:26.997Z] GET http://localhost:5174/node_modules/.vite/deps/react-resizable-panels.js?v=0fdc4529 → 200 (4ms, 45162B)
[2026-03-28T21:40:26.998Z] GET http://localhost:5174/src/hooks/useReviewActions.ts → 200 (2ms, 5402B)
[2026-03-28T21:40:26.998Z] GET http://localhost:5174/src/components/review/CommitDialog.tsx → 200 (3ms, 15565B)
[2026-03-28T21:40:26.998Z] GET http://localhost:5174/src/components/sessions/StageGroup.tsx → 200 (4ms, 6555B)
[2026-03-28T21:40:26.998Z] GET http://localhost:5174/src/hooks/useTraceData.ts → 200 (3ms, 2345B)
[2026-03-28T21:40:26.998Z] GET http://localhost:5174/src/components/trace/TraceTree.tsx → 200 (3ms, 7438B)
[2026-03-28T21:40:26.999Z] GET http://localhost:5174/node_modules/.vite/deps/d3-scale.js?v=0fdc4529 → 200 (4ms, 93164B)
[2026-03-28T21:40:26.999Z] GET http://localhost:5174/src/lib/tree.ts → 200 (4ms, 14465B)
[2026-03-28T21:40:26.999Z] GET http://localhost:5174/src/lib/api.ts → 200 (3ms, 8125B)
[2026-03-28T21:40:26.999Z] GET http://localhost:5174/src/components/detail/StepDetail.tsx → 200 (3ms, 17132B)
[2026-03-28T21:40:26.999Z] GET http://localhost:5174/src/components/detail/ToolCallDetail.tsx → 200 (4ms, 13336B)
[2026-03-28T21:40:27.001Z] GET http://localhost:5174/node_modules/.vite/deps/react-dom.js?v=0fdc4529 → 200 (2ms, 14567B)
[2026-03-28T21:40:27.001Z] GET http://localhost:5174/node_modules/.vite/deps/@tanstack_react-virtual.js?v=0fdc4529 → 200 (2ms, 30536B)
[2026-03-28T21:40:27.001Z] GET http://localhost:5174/src/components/trace/StepNode.tsx → 200 (2ms, 9957B)
[2026-03-28T21:40:27.002Z] GET http://localhost:5174/src/components/sessions/SessionRow.tsx → 200 (1ms, 9343B)
[2026-03-28T21:40:27.002Z] GET http://localhost:5174/src/components/detail/ReasoningBlock.tsx → 200 (2ms, 4966B)
[2026-03-28T21:40:27.002Z] GET http://localhost:5174/src/components/detail/SecurityBadge.tsx → 200 (2ms, 5831B)
[2026-03-28T21:40:27.430Z] GET https://fonts.gstatic.com/s/spacegrotesk/v22/V8mDoQDjQSkFtoMM3T6r8E7mPbF4C_k3HqU.woff2 → 200 (368ms, 22320B)
[2026-03-28T21:40:27.430Z] GET https://fonts.gstatic.com/s/jetbrainsmono/v24/tDbV2o-flEEny0FZhsfKu5WU4xD7OwGtT0rU.woff2 → 200 (388ms, 40480B)
[2026-03-28T21:40:27.430Z] GET http://localhost:5174/api/sessions → 200 (2ms, 1844B)
[2026-03-28T21:40:27.438Z] GET https://fonts.gstatic.com/s/ibmplexmono/v20/-F63fjptAgt5VM-kVkqdyU8n1i8q131nj-o.woff2 → 200 (381ms, 10052B)
[2026-03-28T21:40:31.780Z] GET http://localhost:3000/ → 200 (40ms, 64434B)
[2026-03-28T21:40:31.823Z] GET http://localhost:3000/_next/static/media/36966cca54120369-s.p.woff2?v=1774734031786 → 200 (3ms, 22320B)
[2026-03-28T21:40:31.823Z] GET http://localhost:3000/_next/static/media/98e207f02528a563-s.p.woff2?v=1774734031786 → 200 (3ms, 10060B)
[2026-03-28T21:40:31.823Z] GET http://localhost:3000/_next/static/media/bb3ef058b751a6ad-s.p.woff2?v=1774734031786 → 200 (3ms, 40480B)
[2026-03-28T21:40:31.823Z] GET http://localhost:3000/_next/static/media/d3ebbfd689654d3a-s.p.woff2?v=1774734031786 → 200 (2ms, 10052B)
[2026-03-28T21:40:31.823Z] GET http://localhost:3000/_next/static/media/db96af6b531dc71f-s.p.woff2?v=1774734031786 → 200 (4ms, 10120B)
[2026-03-28T21:40:31.823Z] GET http://localhost:3000/_next/static/media/f36144f235cd456e-s.p.woff2?v=1774734031786 → 200 (4ms, 10112B)
[2026-03-28T21:40:31.823Z] GET http://localhost:3000/_next/static/css/app/layout.css?v=1774734031786 → 200 (3ms, 67031B)
[2026-03-28T21:40:31.823Z] GET http://localhost:3000/_next/static/chunks/webpack.js?v=1774734031786 → 200 (26ms, 142763B)
[2026-03-28T21:40:31.823Z] GET http://localhost:3000/_next/static/chunks/main-app.js?v=1774734031786 → 200 (217ms, ?B)
[2026-03-28T21:40:31.823Z] GET http://localhost:3000/_next/static/chunks/app-pages-internals.js → 200 (26ms, 242258B)
[2026-03-28T21:40:31.823Z] GET http://localhost:3000/_next/static/chunks/app/page.js → 200 (26ms, 378814B)
[2026-03-28T21:40:31.849Z] GET http://localhost:3000/_next/static/media/36966cca54120369-s.p.woff2 → 200 (5ms, 22320B)
[2026-03-28T21:40:31.849Z] GET http://localhost:3000/_next/static/media/bb3ef058b751a6ad-s.p.woff2 → 200 (6ms, 40480B)
[2026-03-28T21:40:31.849Z] GET http://localhost:3000/_next/static/media/d3ebbfd689654d3a-s.p.woff2 → 200 (6ms, 10052B)
[2026-03-28T21:41:17.957Z] GET http://localhost:5174/ → 200 (3ms, 984B)
[2026-03-28T21:41:17.961Z] GET http://localhost:5174/@vite/client → 200 (8ms, 204443B)
[2026-03-28T21:41:17.961Z] GET https://fonts.googleapis.com/css2?family=JetBrains+Mono:ital,wght@0,100..800;1,100..800&family=Space+Grotesk:wght@300..700&family=IBM+Plex+Mono:wght@300;400;500;600;700&family=Space+Mono:wght@400;700&display=swap → 200 (1ms, 18427B)
[2026-03-28T21:41:17.962Z] GET http://localhost:5174/src/main.tsx → 200 (4ms, 2908B)
[2026-03-28T21:41:17.962Z] GET http://localhost:5174/@react-refresh → 200 (9ms, 111894B)
[2026-03-28T21:41:17.963Z] GET https://fonts.gstatic.com/s/ibmplexmono/v20/-F63fjptAgt5VM-kVkqdyU8n1i8q131nj-o.woff2 → 200 (?ms, ?B)
[2026-03-28T21:41:17.963Z] GET https://fonts.gstatic.com/s/jetbrainsmono/v24/tDbV2o-flEEny0FZhsfKu5WU4xD7OwGtT0rU.woff2 → 200 (?ms, ?B)
[2026-03-28T21:41:17.963Z] GET https://fonts.gstatic.com/s/spacegrotesk/v22/V8mDoQDjQSkFtoMM3T6r8E7mPbF4C_k3HqU.woff2 → 200 (?ms, ?B)
[2026-03-28T21:41:17.966Z] GET http://localhost:5174/node_modules/.vite/deps/react.js?v=0fdc4529 → 200 (?ms, 755B)
[2026-03-28T21:41:17.966Z] GET http://localhost:5174/node_modules/.vite/deps/react-dom_client.js?v=0fdc4529 → 200 (?ms, 820919B)
[2026-03-28T21:41:17.966Z] GET http://localhost:5174/node_modules/.vite/deps/@tanstack_react-query.js?v=0fdc4529 → 200 (?ms, 97634B)
[2026-03-28T21:41:17.966Z] GET http://localhost:5174/src/App.tsx → 200 (5ms, 9857B)
[2026-03-28T21:41:17.966Z] GET http://localhost:5174/src/globals.css → 200 (6ms, 22066B)
[2026-03-28T21:41:17.966Z] GET http://localhost:5174/node_modules/.vite/deps/react_jsx-dev-runtime.js?v=0fdc4529 → 200 (?ms, 10510B)
[2026-03-28T21:41:17.968Z] GET http://localhost:5174/node_modules/.vite/deps/react-TUYU05Ph.js?v=0fdc4529 → 200 (?ms, 39306B)
[2026-03-28T21:41:17.968Z] GET http://localhost:5174/node_modules/.vite/deps/react-dom.js?v=0fdc4529 → 200 (?ms, 14567B)
[2026-03-28T21:41:17.969Z] GET http://localhost:5174/node_modules/.vite/deps/react_jsx-runtime.js?v=0fdc4529 → 200 (?ms, 10820B)
[2026-03-28T21:41:17.970Z] GET http://localhost:5174/node_modules/vite/dist/client/env.mjs → 200 (2ms, 3478B)
[2026-03-28T21:41:17.971Z] GET http://localhost:5174/src/contexts/SelectionContext.tsx → 200 (1ms, 5838B)
[2026-03-28T21:41:17.971Z] GET http://localhost:5174/src/contexts/ViewPreferencesContext.tsx → 200 (1ms, 7757B)
[2026-03-28T21:41:17.971Z] GET http://localhost:5174/src/components/layout/Header.tsx → 200 (1ms, 10222B)
[2026-03-28T21:41:17.971Z] GET http://localhost:5174/src/components/layout/AppLayout.tsx → 200 (2ms, 8018B)
[2026-03-28T21:41:17.971Z] GET http://localhost:5174/src/components/layout/ReviewBar.tsx → 200 (3ms, 14592B)
[2026-03-28T21:41:17.971Z] GET http://localhost:5174/src/components/layout/KeyboardHelp.tsx → 200 (2ms, 8872B)
[2026-03-28T21:41:17.971Z] GET http://localhost:5174/src/components/sessions/SessionPanel.tsx → 200 (2ms, 8564B)
[2026-03-28T21:41:17.971Z] GET http://localhost:5174/src/components/trace/TracePanel.tsx → 200 (2ms, 10925B)
[2026-03-28T21:41:17.971Z] GET http://localhost:5174/src/components/trace/TimelineStrip.tsx → 200 (3ms, 18423B)
[2026-03-28T21:41:17.971Z] GET http://localhost:5174/src/components/detail/DetailPanel.tsx → 200 (12ms, 6567B)
[2026-03-28T21:41:17.971Z] GET http://localhost:5174/src/components/Onboarding.tsx → 200 (4ms, 11109B)
[2026-03-28T21:41:17.971Z] GET http://localhost:5174/src/hooks/useSessionList.ts → 200 (11ms, 1069B)
[2026-03-28T21:41:17.971Z] GET http://localhost:5174/src/hooks/useKeyboardNav.ts → 200 (11ms, 14501B)
[2026-03-28T21:41:17.973Z] GET http://localhost:5174/node_modules/.vite/deps/react-resizable-panels.js?v=0fdc4529 → 200 (?ms, 45162B)
[2026-03-28T21:41:17.973Z] GET http://localhost:5174/src/components/sessions/StageGroup.tsx → 200 (11ms, 6555B)
[2026-03-28T21:41:17.974Z] GET http://localhost:5174/src/hooks/useTraceData.ts → 200 (10ms, 2345B)
[2026-03-28T21:41:17.974Z] GET http://localhost:5174/src/components/trace/TraceTree.tsx → 200 (9ms, 7438B)
[2026-03-28T21:41:17.974Z] GET http://localhost:5174/node_modules/.vite/deps/d3-scale.js?v=0fdc4529 → 200 (?ms, 93164B)
[2026-03-28T21:41:17.974Z] GET http://localhost:5174/src/lib/tree.ts → 200 (10ms, 14465B)
[2026-03-28T21:41:17.974Z] GET http://localhost:5174/src/hooks/useReviewActions.ts → 200 (10ms, 5402B)
[2026-03-28T21:41:17.975Z] GET http://localhost:5174/src/components/review/CommitDialog.tsx → 200 (9ms, 15565B)
[2026-03-28T21:41:17.987Z] GET http://localhost:5174/src/lib/api.ts → 200 (?ms, 8125B)
[2026-03-28T21:41:17.987Z] GET http://localhost:5174/src/components/detail/StepDetail.tsx → 200 (1ms, 17132B)
[2026-03-28T21:41:17.987Z] GET http://localhost:5174/src/components/detail/ToolCallDetail.tsx → 200 (1ms, 13336B)
[2026-03-28T21:41:17.987Z] GET http://localhost:5174/node_modules/.vite/deps/@tanstack_react-virtual.js?v=0fdc4529 → 200 (?ms, 30536B)
[2026-03-28T21:41:17.987Z] GET http://localhost:5174/src/components/trace/StepNode.tsx → 200 (1ms, 9957B)
[2026-03-28T21:41:17.987Z] GET http://localhost:5174/src/components/sessions/SessionRow.tsx → 200 (1ms, 9343B)
[2026-03-28T21:41:17.988Z] GET http://localhost:5174/src/components/detail/ReasoningBlock.tsx → 200 (?ms, 4966B)
[2026-03-28T21:41:17.988Z] GET http://localhost:5174/src/components/detail/SecurityBadge.tsx → 200 (?ms, 5831B)
[2026-03-28T21:41:17.989Z] GET https://fonts.gstatic.com/s/ibmplexmono/v20/-F63fjptAgt5VM-kVkqdyU8n1i8q131nj-o.woff2 → 200 (?ms, ?B)
[2026-03-28T21:41:17.989Z] GET https://fonts.gstatic.com/s/jetbrainsmono/v24/tDbV2o-flEEny0FZhsfKu5WU4xD7OwGtT0rU.woff2 → 200 (?ms, ?B)
[2026-03-28T21:41:17.989Z] GET https://fonts.gstatic.com/s/spacegrotesk/v22/V8mDoQDjQSkFtoMM3T6r8E7mPbF4C_k3HqU.woff2 → 200 (?ms, ?B)
[2026-03-28T21:41:18.001Z] GET http://localhost:5174/api/sessions → 200 (1ms, 1844B)
[2026-03-28T21:41:23.004Z] GET http://localhost:5174/api/sessions → 200 (4ms, 1844B)
[2026-03-28T21:41:28.011Z] GET http://localhost:5174/api/sessions → 200 (2ms, 1844B)
[2026-03-28T21:41:33.016Z] GET http://localhost:5174/api/sessions → 200 (2ms, 1844B)
[2026-03-28T21:41:38.020Z] GET http://localhost:5174/api/sessions → 200 (2ms, 1844B)
[2026-03-28T21:41:39.814Z] GET http://localhost:5174/api/session/a99a85a8-82ce-487c-a3cf-19345a5b725e/detail → 200 (2ms, 165936B)
[2026-03-28T21:41:43.025Z] GET http://localhost:5174/api/sessions → 200 (1ms, 1844B)
[2026-03-28T21:41:48.028Z] GET http://localhost:5174/api/sessions → 200 (2ms, 1844B)
[2026-03-28T21:41:53.032Z] GET http://localhost:5174/api/sessions → 200 (2ms, 1844B)
[2026-03-28T21:41:58.036Z] GET http://localhost:5174/api/sessions → 200 (3ms, 1844B)
[2026-03-28T21:42:03.041Z] GET http://localhost:5174/api/sessions → 200 (2ms, 1844B)
[2026-03-28T21:42:04.155Z] GET blob:http://localhost:5174/b0ff6a3d-a491-4bc3-a6b3-86afc6c0d1cd → pending (?ms, ?B)
[2026-03-28T21:42:08.044Z] GET http://localhost:5174/api/sessions → pending (?ms, ?B)
[2026-03-28T21:42:09.047Z] GET http://localhost:5174/api/sessions → pending (?ms, ?B)
[2026-03-28T21:42:14.048Z] GET http://localhost:5174/api/sessions → pending (?ms, ?B)
[2026-03-28T21:42:15.050Z] GET http://localhost:5174/api/sessions → pending (?ms, ?B)
[2026-03-28T21:42:20.053Z] GET http://localhost:5174/api/sessions → pending (?ms, ?B)
[2026-03-28T21:42:21.055Z] GET http://localhost:5174/api/sessions → pending (?ms, ?B)
[2026-03-28T21:42:26.057Z] GET http://localhost:5174/api/sessions → pending (?ms, ?B)
[2026-03-28T21:42:27.059Z] GET http://localhost:5174/api/sessions → pending (?ms, ?B)
[2026-03-28T21:42:32.062Z] GET http://localhost:5174/api/sessions → pending (?ms, ?B)
[2026-03-28T21:42:33.064Z] GET http://localhost:5174/api/sessions → pending (?ms, ?B)
[2026-03-28T21:42:38.067Z] GET http://localhost:5174/api/sessions → pending (?ms, ?B)
[2026-03-28T21:42:39.069Z] GET http://localhost:5174/api/sessions → pending (?ms, ?B)
[2026-03-28T21:42:44.071Z] GET http://localhost:5174/api/sessions → pending (?ms, ?B)
[2026-03-28T21:42:45.073Z] GET http://localhost:5174/api/sessions → pending (?ms, ?B)
[2026-03-28T21:42:50.075Z] GET http://localhost:5174/api/sessions → pending (?ms, ?B)
[2026-03-28T21:42:51.077Z] GET http://localhost:5174/api/sessions → pending (?ms, ?B)
[2026-03-28T21:42:56.078Z] GET http://localhost:5174/api/sessions → pending (?ms, ?B)
[2026-03-28T21:42:57.080Z] GET http://localhost:5174/api/sessions → pending (?ms, ?B)
[2026-03-28T21:43:02.082Z] GET http://localhost:5174/api/sessions → pending (?ms, ?B)
[2026-03-28T21:43:03.084Z] GET http://localhost:5174/api/sessions → pending (?ms, ?B)
[2026-03-28T21:43:08.087Z] GET http://localhost:5174/api/sessions → pending (?ms, ?B)
[2026-03-28T21:43:09.089Z] GET http://localhost:5174/api/sessions → pending (?ms, ?B)
[2026-03-28T21:43:14.091Z] GET http://localhost:5174/api/sessions → pending (?ms, ?B)
[2026-03-28T21:43:15.092Z] GET http://localhost:5174/api/sessions → pending (?ms, ?B)
[2026-03-28T21:43:20.095Z] GET http://localhost:5174/api/sessions → pending (?ms, ?B)
[2026-03-28T21:43:21.096Z] GET http://localhost:5174/api/sessions → pending (?ms, ?B)
[2026-03-28T21:43:26.098Z] GET http://localhost:5174/api/sessions → pending (?ms, ?B)
[2026-03-28T21:43:27.100Z] GET http://localhost:5174/api/sessions → pending (?ms, ?B)
[2026-03-28T21:43:32.102Z] GET http://localhost:5174/api/sessions → pending (?ms, ?B)
[2026-03-28T21:43:33.104Z] GET http://localhost:5174/api/sessions → pending (?ms, ?B)
[2026-03-28T21:43:38.107Z] GET http://localhost:5174/api/sessions → pending (?ms, ?B)
[2026-03-28T21:43:39.109Z] GET http://localhost:5174/api/sessions → pending (?ms, ?B)
[2026-03-28T21:43:44.112Z] GET http://localhost:5174/api/sessions → pending (?ms, ?B)
[2026-03-28T21:43:45.115Z] GET http://localhost:5174/api/sessions → pending (?ms, ?B)
[2026-03-28T21:43:50.118Z] GET http://localhost:5174/api/sessions → pending (?ms, ?B)
[2026-03-28T21:43:51.119Z] GET http://localhost:5174/api/sessions → pending (?ms, ?B)
[2026-03-28T21:43:56.122Z] GET http://localhost:5174/api/sessions → pending (?ms, ?B)
[2026-03-28T21:43:57.124Z] GET http://localhost:5174/api/sessions → pending (?ms, ?B)
[2026-03-28T21:44:02.131Z] GET http://localhost:5174/api/sessions → pending (?ms, ?B)
[2026-03-28T21:44:03.132Z] GET http://localhost:5174/api/sessions → pending (?ms, ?B)
[2026-03-28T21:44:08.134Z] GET http://localhost:5174/api/sessions → pending (?ms, ?B)
[2026-03-28T21:44:09.136Z] GET http://localhost:5174/api/sessions → pending (?ms, ?B)
[2026-03-28T21:44:14.139Z] GET http://localhost:5174/api/sessions → pending (?ms, ?B)
[2026-03-28T21:44:15.141Z] GET http://localhost:5174/api/sessions → pending (?ms, ?B)
[2026-03-28T21:44:20.142Z] GET http://localhost:5174/api/sessions → pending (?ms, ?B)
[2026-03-28T21:44:21.145Z] GET http://localhost:5174/api/sessions → pending (?ms, ?B)
[2026-03-28T21:44:26.148Z] GET http://localhost:5174/api/sessions → pending (?ms, ?B)
[2026-03-28T21:44:27.150Z] GET http://localhost:5174/api/sessions → pending (?ms, ?B)
[2026-03-28T21:44:32.152Z] GET http://localhost:5174/api/sessions → pending (?ms, ?B)
[2026-03-28T21:44:33.155Z] GET http://localhost:5174/api/sessions → pending (?ms, ?B)
[2026-03-28T21:44:38.159Z] GET http://localhost:5174/api/sessions → pending (?ms, ?B)
[2026-03-28T21:44:39.161Z] GET http://localhost:5174/api/sessions → pending (?ms, ?B)
[2026-03-28T21:44:44.163Z] GET http://localhost:5174/api/sessions → pending (?ms, ?B)
[2026-03-28T21:44:45.165Z] GET http://localhost:5174/api/sessions → pending (?ms, ?B)
[2026-03-28T21:44:50.168Z] GET http://localhost:5174/api/sessions → pending (?ms, ?B)
[2026-03-28T21:44:51.170Z] GET http://localhost:5174/api/sessions → pending (?ms, ?B)
